Archive member included because of file (symbol)

./lib//libcsud.a(device.keyboard.c.o)
                              build/keyboard.o (KeyboardGetAddress)
./lib//libcsud.a(platform.c.o)
                              ./lib//libcsud.a(device.keyboard.c.o) (MemoryAllocate)
./lib//libcsud.a(usbd.c.o)    build/keyboard.o (UsbCheckForChange)
./lib//libcsud.a(device.hid.c.o)
                              ./lib//libcsud.a(device.keyboard.c.o) (HidReadDevice)
./lib//libcsud.a(device.hub.c.o)
                              ./lib//libcsud.a(usbd.c.o) (HubPortReset)
./lib//libcsud.a(hcd.designware20.c.o)
                              ./lib//libcsud.a(usbd.c.o) (HcdSumbitControlMessage)
./lib//libcsud.a(hcd.designware20.roothub.c.o)
                              ./lib//libcsud.a(hcd.designware20.c.o) (HcdProcessRootHubMessage)
./lib//libcsud.a(platform.armv6.c.o)
                              ./lib//libcsud.a(hcd.designware20.c.o) (__aeabi_uidiv)
./lib//libcsud.a(platform.broadcom2835.c.o)
                              ./lib//libcsud.a(usbd.c.o) (MicroDelay)

Allocating common symbols
Common symbol       size              file

fb_y                0x4               build/fb.o
lr_irq              0x4               build/syscall.o
CorePhysical        0x4               ./lib//libcsud.a(hcd.designware20.c.o)
pcb2                0x60              build/kmain.o
p2                  0x4               build/kmain.o
kernel_heap_limit   0x4               build/kheap.o
DeviceNumbers       0x4               ./lib//libcsud.a(usbd.c.o)
stack               0x4               build/syscall.o
kmain_process       0x60              build/syscall.o
HostPhysical        0x4               ./lib//libcsud.a(hcd.designware20.c.o)
p1                  0x4               build/kmain.o
fb_x                0x4               build/fb.o
kernel_heap_top     0x4               build/kheap.o
keyboards           0x10              ./lib//libcsud.a(device.keyboard.c.o)
pcb1                0x60              build/kmain.o
PowerPhysical       0x4               ./lib//libcsud.a(hcd.designware20.c.o)
current_process     0x4               build/syscall.o
list_pointer        0x4               build/syscall.o
Heap                0x4000            ./lib//libcsud.a(platform.c.o)
Allocations         0xc00             ./lib//libcsud.a(platform.c.o)
uart_error          0x4               build/uart.o

Memory Configuration

Name             Origin             Length             Attributes
RAM              0x0000000000008000 0x000000001fff8000
PERIPHERALS      0x0000000020000000 0x0000000000ffffff
*default*        0x0000000000000000 0xffffffffffffffff

Linker script and memory map

LOAD build/kheap.o
LOAD build/syscall.o
LOAD build/init.o
LOAD build/mailbox.o
LOAD build/fb.o
LOAD build/frameBuffer.o
LOAD build/text.o
LOAD build/uart.o
LOAD build/systemTimer.o
LOAD build/sched.o
LOAD build/drawing.o
LOAD build/hw.o
LOAD build/gpio.o
LOAD build/pwm.o
LOAD build/asm_tools.o
LOAD build/random.o
LOAD build/keyboard.o
LOAD build/util.o
LOAD build/vmem.o
LOAD build/maths.o
LOAD build/tags.o
LOAD build/kmain.o
                0x0000000000000200                KERNEL_STACK_SIZE = 0x200
                0x0000000000000200                SYS_STACK_SIZE = 0x200
                0x0000000000000200                IRQ_STACK_SIZE = 0x200
                0x0000000000100000                USER_STACKS_SIZE = 0x100000

.text           0x0000000000008000     0xa368
 build/init.o(.text*)
 .text          0x0000000000008000       0xc4 build/init.o
                0x0000000000008000                _start
 *(.text*)
 .text          0x00000000000080c4      0x360 build/kheap.o
                0x00000000000080c4                aligned_value
                0x0000000000008110                kAlloc_aligned
                0x00000000000082c4                kAlloc
                0x00000000000083b0                kFree
                0x00000000000083f8                kheap_init
 .text          0x0000000000008424      0x714 build/syscall.o
                0x0000000000008424                sys_reboot
                0x0000000000008444                do_sys_reboot
                0x0000000000008460                sys_nop
                0x0000000000008484                do_sys_nop
                0x000000000000848c                sys_settime
                0x00000000000084dc                do_sys_settime
                0x0000000000008550                sys_gettime
                0x00000000000085d4                do_sys_gettime
                0x0000000000008638                copyRegistres
                0x000000000000875c                sys_yield
                0x000000000000877c                do_sys_yield
                0x0000000000008888                sys_yieldto
                0x00000000000088b4                do_sys_yieldto
                0x00000000000089c0                sys_exit
                0x00000000000089e8                do_sys_exit
                0x0000000000008a90                swi_handler
 .text          0x0000000000008b38       0x6c build/mailbox.o
                0x0000000000008b38                GetMailboxBase
                0x0000000000008b40                MailboxRead
                0x0000000000008b74                MailboxWrite
 .text          0x0000000000008ba4      0xe20 build/fb.o
                0x0000000000008c00                MailboxWriteGraphic
                0x0000000000008c7c                MailboxReadGraphic
                0x0000000000008d18                FramebufferInitialize
                0x00000000000092a4                put_pixel_RGB24
                0x0000000000009340                draw
                0x0000000000009460                drawRed
                0x0000000000009528                drawBlue
                0x00000000000095f0                drawBlue2
                0x0000000000009694                drawWhite
                0x000000000000975c                drawGreen
                0x0000000000009824                drawBlack
                0x00000000000098ec                drawTest
 .text          0x00000000000099c4       0x60 build/frameBuffer.o
                0x00000000000099c4                InitialiseFrameBuffer
 .text          0x0000000000009a24      0x1e4 build/text.o
                0x0000000000009a24                ReverseString
                0x0000000000009a50                UnsignedString
                0x0000000000009aa0                SignedString
                0x0000000000009acc                FormatString
 .text          0x0000000000009c08      0x670 build/uart.o
                0x0000000000009c08                uart_init
                0x0000000000009d24                uart_send_str
                0x0000000000009dc0                uart_send_int
                0x0000000000009fb8                uart_receive_str
                0x000000000000a098                uart_receive_int
                0x000000000000a244                uart_is_receive_fifo_empty
 .text          0x000000000000a278       0x40 build/systemTimer.o
                0x000000000000a278                GetSystemTimerBase
                0x000000000000a280                GetTimeStamp
                0x000000000000a290                Wait
 .text          0x000000000000a2b8      0x508 build/sched.o
                0x000000000000a2b8                sched_init
                0x000000000000a2e8                maxrand
                0x000000000000a320                create_process
                0x000000000000a50c                elect
                0x000000000000a528                context_save_to_pcb
                0x000000000000a654                context_load_from_pcb
                0x000000000000a744                yieldto_irq
                0x000000000000a758                irq_handler
 .text          0x000000000000a7c0      0x1d4 build/drawing.o
                0x000000000000a7c0                SetForeColour
                0x000000000000a7d8                SetGraphicsAddress
                0x000000000000a7e4                DrawPixel
                0x000000000000a82c                DrawLine
                0x000000000000a8a8                DrawCharacter
                0x000000000000a914                DrawString
 .text          0x000000000000a994      0x3b4 build/hw.o
                0x000000000000a994                divide
                0x000000000000a9fc                get_date_ms
                0x000000000000aa20                set_date_ms
                0x000000000000aabc                set_next_tick
                0x000000000000ab14                set_next_tick_default
                0x000000000000ab60                timer_init
                0x000000000000ab8c                led_on
                0x000000000000abc8                led_off
                0x000000000000ac04                led_switch
                0x000000000000ac30                led_status
                0x000000000000ac44                led_init
                0x000000000000ac78                led_blink
                0x000000000000ad18                hw_init
                0x000000000000ad28                terminate_kernel
 .text          0x000000000000ad48       0x98 build/gpio.o
                0x000000000000ad48                GetGpioAddress
                0x000000000000ad50                SetGpioFunction
                0x000000000000ada0                SetGpio
 .text          0x000000000000ade0      0x224 build/pwm.o
                0x000000000000af78                audio_test
 .text          0x000000000000b004       0x48 build/asm_tools.o
                0x000000000000b004                Set32
                0x000000000000b00c                Get32
                0x000000000000b014                delay
                0x000000000000b028                memory_barrier
                0x000000000000b040                invalidate_cache
 .text          0x000000000000b04c       0x18 build/random.o
                0x000000000000b04c                Random
 .text          0x000000000000b064      0x144 build/keyboard.o
                0x000000000000b064                KeyboardUpdate
                0x000000000000b0e8                KeyWasDown
                0x000000000000b118                KeyboardGetChar
 .text          0x000000000000b1a8       0x10 build/util.o
                0x000000000000b1a8                kernel_panic
 .text          0x000000000000b1b8       0x94 build/vmem.o
                0x000000000000b1b8                init_kern_translation_table
 .text          0x000000000000b24c       0x48 build/maths.o
                0x000000000000b24c                DivideU32
 .text          0x000000000000b294       0x74 build/tags.o
                0x000000000000b294                FindTag
 .text          0x000000000000b308      0x1dc build/kmain.o
                0x000000000000b308                user_process_1
                0x000000000000b324                user_process_2
                0x000000000000b340                user_process_3
                0x000000000000b35c                user_process_Red_ul
                0x000000000000b398                user_process_Blue_ur
                0x000000000000b3dc                user_process_Black_ll
                0x000000000000b418                user_process_White_ll
                0x000000000000b454                user_process_Green_lr
                0x000000000000b494                kmain
 .text          0x000000000000b4e4     0x1000 ./lib//libcsud.a(device.keyboard.c.o)
                0x000000000000b4e4                KeyboardDetached
                0x000000000000b560                KeyboardDeallocate
                0x000000000000b5d8                KeyboardIndex
                0x000000000000b630                KeyboardGetAddress
                0x000000000000b678                KeyboardScan
                0x000000000000bd44                KeyboardCount
                0x000000000000bd54                KeyboardSetLeds
                0x000000000000bf70                KeyboardGetLedSupport
                0x000000000000bfbc                KeyboardPoll
                0x000000000000c300                KeyboardGetModifiers
                0x000000000000c34c                KeyboardGetKeyDownCount
                0x000000000000c3b0                KeyboadGetKeyIsDown
                0x000000000000c468                KeyboardGetKeyDown
 .text          0x000000000000c4e4      0x5c0 ./lib//libcsud.a(platform.c.o)
                0x000000000000c4e4                MemoryReserve
                0x000000000000c4ec                MemoryAllocate
                0x000000000000c93c                MemoryDeallocate
                0x000000000000ca54                MemoryCopy
 .text          0x000000000000caa4     0x10e8 ./lib//libcsud.a(usbd.c.o)
                0x000000000000caa4                UsbGetRootHub
                0x000000000000cab4                UsbPrintDeviceTree
                0x000000000000cb80                UsbControlMessage
                0x000000000000cc78                UsbGetDescriptor
                0x000000000000cd64                UsbGetString
                0x000000000000cdd0                UsbReadStringLang
                0x000000000000ce54                UsbReadString
                0x000000000000cf54                UsbReadDeviceDescriptor
                0x000000000000d094                UsbSetAddress
                0x000000000000d174                UsbSetConfiguration
                0x000000000000d248                UsbConfigure
                0x000000000000d418                UsbGetDescription
                0x000000000000d6c8                UsbScanDevice
                0x000000000000d8f0                UsbAllocateDevice
                0x000000000000d9ac                UsbDeallocateDevice
                0x000000000000dac4                UsbScanRootHub
                0x000000000000db14                UsbInitialise
                0x000000000000db70                UsbCheckForChange
 .text          0x000000000000db8c     0x1b24 ./lib//libcsud.a(device.hid.c.o)
                0x000000000000db8c                HidEnumerateActionCountField
                0x000000000000dcb4                HidDetached
                0x000000000000dcf0                HidEnumerateActionAddField
                0x000000000000e4f8                HidDeallocate
                0x000000000000e64c                HidEnumerateActionCountReport
                0x000000000000e704                HidGetReport
                0x000000000000e7c0                HidSetReport
                0x000000000000e870                BitSet
                0x000000000000e99c                BitGetUnsigned
                0x000000000000eaa4                BitGetSigned
                0x000000000000ead0                HidReadDevice
                0x000000000000eccc                HidWriteDevice
                0x000000000000ee78                HidSetProtocol
                0x000000000000ef28                HidEnumerateReport
                0x000000000000f080                HidParseReportDescriptor
                0x000000000000f3b0                HidScan
                0x000000000000f6a0                HidGetFieldValue
 .text          0x000000000000f6b0      0xd34 ./lib//libcsud.a(device.hub.c.o)
                0x000000000000f6b0                HubDetached
                0x000000000000f750                HubDeallocate
                0x000000000000f82c                HubReadDescriptor
                0x000000000000f924                HubGetStatus
                0x000000000000f9fc                HubPortGetStatus
                0x000000000000fadc                HubChangeFeature
                0x000000000000fb90                HubChangePortFeature
                0x000000000000fc4c                HubPowerOn
                0x000000000000fcf4                HubPortReset
                0x000000000000fdc8                HubPortConnectionChanged
                0x000000000000ffd0                HubCheckConnection
                0x0000000000010104                HubRecursiveCheck
                0x00000000000101cc                HubScan
 .text          0x00000000000103e4     0x160c ./lib//libcsud.a(hcd.designware20.c.o)
                0x00000000000103e4                WriteThroughRegMask
                0x0000000000010478                WriteThroughReg
                0x0000000000010480                ReadBackReg
                0x0000000000010524                ClearReg
                0x000000000001058c                SetReg
                0x0000000000010628                HcdReset
                0x00000000000106d8                HcdTransmitFifoFlush
                0x000000000001076c                HcdReceiveFifoFlush
                0x00000000000107e4                HcdPrepareChannel
                0x0000000000010afc                HcdTransmitChannel
                0x0000000000010ba8                HcdChannelInterruptToError
                0x0000000000010c84                HcdChannelSendWaitOne
                0x0000000000010f40                HcdChannelSendWait
                0x0000000000011058                HcdSumbitControlMessage
                0x00000000000112a0                HcdInitialise
                0x0000000000011434                HcdStart
                0x0000000000011990                HcdStop
                0x00000000000119b4                HcdDeinitialise
 .text          0x00000000000119f0      0x6f0 ./lib//libcsud.a(hcd.designware20.roothub.c.o)
                0x00000000000119f0                HcdProcessRootHubMessage
 .text          0x00000000000120e0      0x16c ./lib//libcsud.a(platform.armv6.c.o)
                0x00000000000120e0                __aeabi_uidivmod
                0x0000000000012214                __aeabi_uidiv
 .text          0x000000000001224c      0x11c ./lib//libcsud.a(platform.broadcom2835.c.o)
                0x000000000001224c                MicroDelay
                0x00000000000122bc                PowerOnUsb
                0x0000000000012368                __bss_start = .

.glue_7         0x0000000000012368        0x0
 .glue_7        0x0000000000000000        0x0 linker stubs

.glue_7t        0x0000000000012368        0x0
 .glue_7t       0x0000000000000000        0x0 linker stubs

.vfp11_veneer   0x0000000000012368        0x0
 .vfp11_veneer  0x0000000000000000        0x0 linker stubs

.v4_bx          0x0000000000012368        0x0
 .v4_bx         0x0000000000000000        0x0 linker stubs

.iplt           0x0000000000012368        0x0
 .iplt          0x0000000000000000        0x0 build/kheap.o

.bss            0x0000000000012368     0x4dc0
 *(.bss*)
 .bss           0x0000000000012368        0x4 build/kheap.o
                0x0000000000012368                freelist
 .bss           0x000000000001236c        0x0 build/syscall.o
 .bss           0x000000000001236c        0x0 build/init.o
 .bss           0x000000000001236c        0x0 build/mailbox.o
 .bss           0x000000000001236c       0x10 build/fb.o
 .bss           0x000000000001237c        0x0 build/frameBuffer.o
 .bss           0x000000000001237c        0x0 build/text.o
 .bss           0x000000000001237c        0x0 build/uart.o
 .bss           0x000000000001237c        0x0 build/systemTimer.o
 .bss           0x000000000001237c        0x0 build/sched.o
 .bss           0x000000000001237c        0x0 build/drawing.o
 .bss           0x000000000001237c        0x4 build/hw.o
 .bss           0x0000000000012380        0x0 build/gpio.o
 .bss           0x0000000000012380        0x0 build/pwm.o
 .bss           0x0000000000012380        0x0 build/asm_tools.o
 .bss           0x0000000000012380        0x0 build/random.o
 .bss           0x0000000000012380        0x0 build/keyboard.o
 .bss           0x0000000000012380        0x0 build/util.o
 .bss           0x0000000000012380        0x0 build/vmem.o
 .bss           0x0000000000012380        0x0 build/maths.o
 .bss           0x0000000000012380        0x0 build/tags.o
 .bss           0x0000000000012380        0x0 build/kmain.o
 .bss           0x0000000000012380       0x14 ./lib//libcsud.a(device.keyboard.c.o)
                0x0000000000012380                keyboardAddresses
                0x0000000000012390                keyboardCount
 .bss           0x0000000000012394        0x8 ./lib//libcsud.a(platform.c.o)
                0x0000000000012394                FirstFreeAllocation
                0x0000000000012398                allocated
 .bss           0x000000000001239c        0x4 ./lib//libcsud.a(usbd.c.o)
                0x000000000001239c                RootHub
 .bss           0x00000000000123a0        0x0 ./lib//libcsud.a(device.hid.c.o)
 .bss           0x00000000000123a0        0x0 ./lib//libcsud.a(device.hub.c.o)
 .bss           0x00000000000123a0       0x14 ./lib//libcsud.a(hcd.designware20.c.o)
                0x00000000000123a0                Core
                0x00000000000123a4                Host
                0x00000000000123a8                Power
                0x00000000000123ac                databuffer
                0x00000000000123b0                PhyInitialised
 .bss           0x00000000000123b4        0x4 ./lib//libcsud.a(hcd.designware20.roothub.c.o)
                0x00000000000123b4                RootHubDeviceNumber
 .bss           0x00000000000123b8        0x0 ./lib//libcsud.a(platform.armv6.c.o)
 .bss           0x00000000000123b8        0x0 ./lib//libcsud.a(platform.broadcom2835.c.o)
 COMMON         0x00000000000123b8        0x8 build/kheap.o
                0x00000000000123b8                kernel_heap_limit
                0x00000000000123bc                kernel_heap_top
 COMMON         0x00000000000123c0       0x70 build/syscall.o
                0x00000000000123c0                lr_irq
                0x00000000000123c4                stack
                0x00000000000123c8                kmain_process
                0x0000000000012428                current_process
                0x000000000001242c                list_pointer
 COMMON         0x0000000000012430        0x8 build/fb.o
                0x0000000000012430                fb_y
                0x0000000000012434                fb_x
 COMMON         0x0000000000012438        0x4 build/uart.o
                0x0000000000012438                uart_error
 COMMON         0x000000000001243c       0xc8 build/kmain.o
                0x000000000001243c                pcb2
                0x000000000001249c                p2
                0x00000000000124a0                p1
                0x00000000000124a4                pcb1
 COMMON         0x0000000000012504       0x10 ./lib//libcsud.a(device.keyboard.c.o)
                0x0000000000012504                keyboards
 *fill*         0x0000000000012514        0x4 00
 COMMON         0x0000000000012518     0x4c00 ./lib//libcsud.a(platform.c.o)
                0x0000000000012518                Heap
                0x0000000000016518                Allocations
 COMMON         0x0000000000017118        0x4 ./lib//libcsud.a(usbd.c.o)
                0x0000000000017118                DeviceNumbers
 COMMON         0x000000000001711c        0xc ./lib//libcsud.a(hcd.designware20.c.o)
                0x000000000001711c                CorePhysical
                0x0000000000017120                HostPhysical
                0x0000000000017124                PowerPhysical
                0x0000000000017128                __bss_end__ = .
                0x0000000000017128                __rodata_start__ = .

.rodata         0x0000000000017128      0x2a8
 *(.rodata*)
 .rodata        0x0000000000017128       0x10 build/syscall.o
 .rodata        0x0000000000017138       0x28 build/uart.o
 .rodata        0x0000000000017160       0x18 build/hw.o
 .rodata        0x0000000000017178      0x248 ./lib//libcsud.a(usbd.c.o)
 .rodata.str1.4
                0x00000000000173c0       0x10 ./lib//libcsud.a(usbd.c.o)
                0x00000000000173d0                __rodata_end__ = .
                0x00000000000173d0                __data_start__ = .

.rel.dyn        0x00000000000173d0        0x0
 .rel.iplt      0x0000000000000000        0x0 build/kheap.o

.data           0x0000000000018000    0x429b4
 *(.data)
 .data          0x0000000000018000        0x0 build/kheap.o
 .data          0x0000000000018000        0x0 build/syscall.o
 .data          0x0000000000018000        0x0 build/init.o
 .data          0x0000000000018000        0x0 build/mailbox.o
 .data          0x0000000000018000    0x40010 build/fb.o
                0x0000000000018000                testWidth
                0x0000000000018004                testHeight
                0x0000000000018008                testSize
                0x000000000001800c                pic
 *fill*         0x0000000000058010      0xff0 00
 .data          0x0000000000059000     0x1000 build/frameBuffer.o
                0x0000000000059000                FrameBufferInfo
 .data          0x000000000005a000        0x0 build/text.o
 .data          0x000000000005a000        0x0 build/uart.o
 .data          0x000000000005a000        0x0 build/systemTimer.o
 .data          0x000000000005a000        0x4 build/sched.o
                0x000000000005a000                random_seed
 *fill*         0x000000000005a004        0xc 00
 .data          0x000000000005a010      0x810 build/drawing.o
 .data          0x000000000005a820        0x0 build/hw.o
 .data          0x000000000005a820        0x0 build/gpio.o
 .data          0x000000000005a820        0xc build/pwm.o
 .data          0x000000000005a82c        0x0 build/asm_tools.o
 .data          0x000000000005a82c        0x0 build/random.o
 *fill*         0x000000000005a82c        0x4 00
 .data          0x000000000005a830       0xe0 build/keyboard.o
 .data          0x000000000005a910        0x0 build/util.o
 .data          0x000000000005a910       0x18 build/vmem.o
                0x000000000005a910                PAGE_SIZE
                0x000000000005a914                SECON_LVL_TT_COUN
                0x000000000005a918                SECON_LVL_TT_SIZE
                0x000000000005a91c                FIRST_LVL_TT_COUN
                0x000000000005a920                FIRST_LVL_TT_SIZE
                0x000000000005a924                device_flags
 .data          0x000000000005a928        0x0 build/maths.o
 .data          0x000000000005a928       0x24 build/tags.o
 .data          0x000000000005a94c        0x0 build/kmain.o
 .data          0x000000000005a94c        0x0 ./lib//libcsud.a(device.keyboard.c.o)
 .data          0x000000000005a94c        0x4 ./lib//libcsud.a(platform.c.o)
                0x000000000005a94c                FirstAllocation
 .data          0x000000000005a950        0x0 ./lib//libcsud.a(usbd.c.o)
 .data          0x000000000005a950        0x0 ./lib//libcsud.a(device.hid.c.o)
 .data          0x000000000005a950        0x0 ./lib//libcsud.a(device.hub.c.o)
 .data          0x000000000005a950        0x0 ./lib//libcsud.a(hcd.designware20.c.o)
 .data          0x000000000005a950       0x64 ./lib//libcsud.a(hcd.designware20.roothub.c.o)
                0x000000000005a950                DeviceDescriptor
                0x000000000005a964                ConfigurationDescriptor
                0x000000000005a980                String0
                0x000000000005a984                String1
                0x000000000005a9a8                HubDescriptor
 .data          0x000000000005a9b4        0x0 ./lib//libcsud.a(platform.armv6.c.o)
 .data          0x000000000005a9b4        0x0 ./lib//libcsud.a(platform.broadcom2835.c.o)
                0x000000000005a9b4                __data_end__ = .

.igot.plt       0x000000000005a9b4        0x0
 .igot.plt      0x0000000000000000        0x0 build/kheap.o

.stack          0x000000000005a9b4      0x600
                0x000000000005a9b4                __stack_start__ = .
                0x000000000005abb4                . = (. + KERNEL_STACK_SIZE)
 *fill*         0x000000000005a9b4      0x200 00
                0x000000000005abb4                . = ALIGN (0x4)
                0x000000000005abb4                __svc_stack_end__ = .
                0x000000000005adb4                . = (. + SYS_STACK_SIZE)
 *fill*         0x000000000005abb4      0x200 00
                0x000000000005adb4                . = ALIGN (0x4)
                0x000000000005adb4                __sys_stack_end__ = .
                0x000000000005afb4                . = (. + IRQ_STACK_SIZE)
 *fill*         0x000000000005adb4      0x200 00
                0x000000000005afb4                . = ALIGN (0x4)
                0x000000000005afb4                __irq_stack_end__ = .
                0x000000000005afb4                __stacks_end__ = .
                0x000000000005b000                . = ALIGN (0x1000)
                0x000000000005b000                __kernel_heap_start__ = .
                0x0000000000ffffff                . = 0xffffff
                0x0000000000ffffff                __kernel_heap_end__ = .
                0x0000000001000000                . = ALIGN (0x1000)
                0x0000000001000000                __after_kernel_heap__ = .
                0x0000000020000000                . = 0x20000000

.devices        0x0000000020000000   0xffffff
                0x0000000020000000                __devices_start__ = .
                0x0000000020ffffff                . = (. + 0xffffff)
 *fill*         0x0000000020000000   0xffffff 00
                0x0000000020ffffff                __devices_end__ = .
LOAD ./lib//libcsud.a
OUTPUT(build/kernel.elf elf32-littlearm)

.debug_info     0x0000000000000000     0x2134
 .debug_info    0x0000000000000000      0x2ad build/kheap.o
 .debug_info    0x00000000000002ad      0x4cc build/syscall.o
 .debug_info    0x0000000000000779       0x63 build/init.o
 .debug_info    0x00000000000007dc       0x66 build/mailbox.o
 .debug_info    0x0000000000000842      0x6cc build/fb.o
 .debug_info    0x0000000000000f0e       0x6a build/frameBuffer.o
 .debug_info    0x0000000000000f78       0x63 build/text.o
 .debug_info    0x0000000000000fdb      0x280 build/uart.o
 .debug_info    0x000000000000125b       0x6a build/systemTimer.o
 .debug_info    0x00000000000012c5      0x2cc build/sched.o
 .debug_info    0x0000000000001591       0x66 build/drawing.o
 .debug_info    0x00000000000015f7      0x2da build/hw.o
 .debug_info    0x00000000000018d1       0x63 build/gpio.o
 .debug_info    0x0000000000001934      0x146 build/pwm.o
 .debug_info    0x0000000000001a7a       0x68 build/asm_tools.o
 .debug_info    0x0000000000001ae2       0x65 build/random.o
 .debug_info    0x0000000000001b47       0x67 build/keyboard.o
 .debug_info    0x0000000000001bae       0x71 build/util.o
 .debug_info    0x0000000000001c1f      0x139 build/vmem.o
 .debug_info    0x0000000000001d58       0x64 build/maths.o
 .debug_info    0x0000000000001dbc       0x63 build/tags.o
 .debug_info    0x0000000000001e1f      0x315 build/kmain.o

.debug_abbrev   0x0000000000000000      0xc54
 .debug_abbrev  0x0000000000000000      0x12d build/kheap.o
 .debug_abbrev  0x000000000000012d      0x1e3 build/syscall.o
 .debug_abbrev  0x0000000000000310       0x14 build/init.o
 .debug_abbrev  0x0000000000000324       0x14 build/mailbox.o
 .debug_abbrev  0x0000000000000338      0x1e9 build/fb.o
 .debug_abbrev  0x0000000000000521       0x14 build/frameBuffer.o
 .debug_abbrev  0x0000000000000535       0x14 build/text.o
 .debug_abbrev  0x0000000000000549      0x10a build/uart.o
 .debug_abbrev  0x0000000000000653       0x14 build/systemTimer.o
 .debug_abbrev  0x0000000000000667      0x15f build/sched.o
 .debug_abbrev  0x00000000000007c6       0x14 build/drawing.o
 .debug_abbrev  0x00000000000007da      0x146 build/hw.o
 .debug_abbrev  0x0000000000000920       0x14 build/gpio.o
 .debug_abbrev  0x0000000000000934       0xaf build/pwm.o
 .debug_abbrev  0x00000000000009e3       0x14 build/asm_tools.o
 .debug_abbrev  0x00000000000009f7       0x14 build/random.o
 .debug_abbrev  0x0000000000000a0b       0x14 build/keyboard.o
 .debug_abbrev  0x0000000000000a1f       0x5c build/util.o
 .debug_abbrev  0x0000000000000a7b       0x98 build/vmem.o
 .debug_abbrev  0x0000000000000b13       0x14 build/maths.o
 .debug_abbrev  0x0000000000000b27       0x14 build/tags.o
 .debug_abbrev  0x0000000000000b3b      0x119 build/kmain.o

.debug_loc      0x0000000000000000      0x9f4
 .debug_loc     0x0000000000000000       0xa4 build/kheap.o
 .debug_loc     0x00000000000000a4      0x1c4 build/syscall.o
 .debug_loc     0x0000000000000268      0x250 build/fb.o
 .debug_loc     0x00000000000004b8       0xf0 build/uart.o
 .debug_loc     0x00000000000005a8       0x8c build/sched.o
 .debug_loc     0x0000000000000634      0x1dc build/hw.o
 .debug_loc     0x0000000000000810       0x78 build/pwm.o
 .debug_loc     0x0000000000000888       0x20 build/util.o
 .debug_loc     0x00000000000008a8       0x2c build/vmem.o
 .debug_loc     0x00000000000008d4      0x120 build/kmain.o

.debug_aranges  0x0000000000000000      0x2c0
 .debug_aranges
                0x0000000000000000       0x20 build/kheap.o
 .debug_aranges
                0x0000000000000020       0x20 build/syscall.o
 .debug_aranges
                0x0000000000000040       0x20 build/init.o
 .debug_aranges
                0x0000000000000060       0x20 build/mailbox.o
 .debug_aranges
                0x0000000000000080       0x20 build/fb.o
 .debug_aranges
                0x00000000000000a0       0x20 build/frameBuffer.o
 .debug_aranges
                0x00000000000000c0       0x20 build/text.o
 .debug_aranges
                0x00000000000000e0       0x20 build/uart.o
 .debug_aranges
                0x0000000000000100       0x20 build/systemTimer.o
 .debug_aranges
                0x0000000000000120       0x20 build/sched.o
 .debug_aranges
                0x0000000000000140       0x20 build/drawing.o
 .debug_aranges
                0x0000000000000160       0x20 build/hw.o
 .debug_aranges
                0x0000000000000180       0x20 build/gpio.o
 .debug_aranges
                0x00000000000001a0       0x20 build/pwm.o
 .debug_aranges
                0x00000000000001c0       0x20 build/asm_tools.o
 .debug_aranges
                0x00000000000001e0       0x20 build/random.o
 .debug_aranges
                0x0000000000000200       0x20 build/keyboard.o
 .debug_aranges
                0x0000000000000220       0x20 build/util.o
 .debug_aranges
                0x0000000000000240       0x20 build/vmem.o
 .debug_aranges
                0x0000000000000260       0x20 build/maths.o
 .debug_aranges
                0x0000000000000280       0x20 build/tags.o
 .debug_aranges
                0x00000000000002a0       0x20 build/kmain.o

.debug_line     0x0000000000000000      0xf12
 .debug_line    0x0000000000000000      0x10d build/kheap.o
 .debug_line    0x000000000000010d      0x142 build/syscall.o
 .debug_line    0x000000000000024f       0x67 build/init.o
 .debug_line    0x00000000000002b6       0x5d build/mailbox.o
 .debug_line    0x0000000000000313      0x256 build/fb.o
 .debug_line    0x0000000000000569       0x5a build/frameBuffer.o
 .debug_line    0x00000000000005c3       0xb8 build/text.o
 .debug_line    0x000000000000067b       0xfb build/uart.o
 .debug_line    0x0000000000000776       0x56 build/systemTimer.o
 .debug_line    0x00000000000007cc       0xfe build/sched.o
 .debug_line    0x00000000000008ca       0xc3 build/drawing.o
 .debug_line    0x000000000000098d       0xf9 build/hw.o
 .debug_line    0x0000000000000a86       0x66 build/gpio.o
 .debug_line    0x0000000000000aec       0x7e build/pwm.o
 .debug_line    0x0000000000000b6a       0x4e build/asm_tools.o
 .debug_line    0x0000000000000bb8       0x41 build/random.o
 .debug_line    0x0000000000000bf9       0x9b build/keyboard.o
 .debug_line    0x0000000000000c94       0x3d build/util.o
 .debug_line    0x0000000000000cd1       0xad build/vmem.o
 .debug_line    0x0000000000000d7e       0x4c build/maths.o
 .debug_line    0x0000000000000dca       0x58 build/tags.o
 .debug_line    0x0000000000000e22       0xf0 build/kmain.o

.debug_str      0x0000000000000000      0x89e
 .debug_str     0x0000000000000000      0x17c build/kheap.o
                                        0x1b7 (size before relaxing)
 .debug_str     0x000000000000017c      0x182 build/syscall.o
                                        0x2a6 (size before relaxing)
 .debug_str     0x00000000000002fe      0x1a4 build/fb.o
                                        0x287 (size before relaxing)
 .debug_str     0x00000000000004a2       0xbd build/uart.o
                                        0x192 (size before relaxing)
 .debug_str     0x000000000000055f       0x88 build/sched.o
                                        0x225 (size before relaxing)
 .debug_str     0x00000000000005e7      0x102 build/hw.o
                                        0x1de (size before relaxing)
 .debug_str     0x00000000000006e9       0x36 build/pwm.o
                                         0xff (size before relaxing)
 .debug_str     0x000000000000071f       0x26 build/util.o
                                         0x69 (size before relaxing)
 .debug_str     0x0000000000000745       0xa9 build/vmem.o
                                        0x174 (size before relaxing)
 .debug_str     0x00000000000007ee       0xb0 build/kmain.o
                                        0x22f (size before relaxing)

.comment        0x0000000000000000       0x11
 .comment       0x0000000000000000       0x11 build/kheap.o
                                         0x12 (size before relaxing)
 .comment       0x0000000000000000       0x12 build/syscall.o
 .comment       0x0000000000000000       0x12 build/fb.o
 .comment       0x0000000000000000       0x12 build/uart.o
 .comment       0x0000000000000000       0x12 build/sched.o
 .comment       0x0000000000000000       0x12 build/hw.o
 .comment       0x0000000000000000       0x12 build/pwm.o
 .comment       0x0000000000000000       0x12 build/util.o
 .comment       0x0000000000000000       0x12 build/vmem.o
 .comment       0x0000000000000000       0x12 build/kmain.o
 .comment       0x0000000000000000       0x12 ./lib//libcsud.a(device.keyboard.c.o)
 .comment       0x0000000000000000       0x12 ./lib//libcsud.a(platform.c.o)
 .comment       0x0000000000000000       0x12 ./lib//libcsud.a(usbd.c.o)
 .comment       0x0000000000000000       0x12 ./lib//libcsud.a(device.hid.c.o)
 .comment       0x0000000000000000       0x12 ./lib//libcsud.a(device.hub.c.o)
 .comment       0x0000000000000000       0x12 ./lib//libcsud.a(hcd.designware20.c.o)
 .comment       0x0000000000000000       0x12 ./lib//libcsud.a(hcd.designware20.roothub.c.o)
 .comment       0x0000000000000000       0x12 ./lib//libcsud.a(platform.armv6.c.o)
 .comment       0x0000000000000000       0x12 ./lib//libcsud.a(platform.broadcom2835.c.o)

.ARM.attributes
                0x0000000000000000       0x3e
 .ARM.attributes
                0x0000000000000000       0x3a build/kheap.o
 .ARM.attributes
                0x000000000000003a       0x3a build/syscall.o
 .ARM.attributes
                0x0000000000000074       0x2e build/init.o
 .ARM.attributes
                0x00000000000000a2       0x2e build/mailbox.o
 .ARM.attributes
                0x00000000000000d0       0x3a build/fb.o
 .ARM.attributes
                0x000000000000010a       0x2e build/frameBuffer.o
 .ARM.attributes
                0x0000000000000138       0x2e build/text.o
 .ARM.attributes
                0x0000000000000166       0x3a build/uart.o
 .ARM.attributes
                0x00000000000001a0       0x2e build/systemTimer.o
 .ARM.attributes
                0x00000000000001ce       0x3a build/sched.o
 .ARM.attributes
                0x0000000000000208       0x2e build/drawing.o
 .ARM.attributes
                0x0000000000000236       0x3a build/hw.o
 .ARM.attributes
                0x0000000000000270       0x2e build/gpio.o
 .ARM.attributes
                0x000000000000029e       0x3a build/pwm.o
 .ARM.attributes
                0x00000000000002d8       0x2e build/asm_tools.o
 .ARM.attributes
                0x0000000000000306       0x2e build/random.o
 .ARM.attributes
                0x0000000000000334       0x2e build/keyboard.o
 .ARM.attributes
                0x0000000000000362       0x3a build/util.o
 .ARM.attributes
                0x000000000000039c       0x3a build/vmem.o
 .ARM.attributes
                0x00000000000003d6       0x2e build/maths.o
 .ARM.attributes
                0x0000000000000404       0x2e build/tags.o
 .ARM.attributes
                0x0000000000000432       0x3a build/kmain.o
 .ARM.attributes
                0x000000000000046c       0x32 ./lib//libcsud.a(device.keyboard.c.o)
 .ARM.attributes
                0x000000000000049e       0x32 ./lib//libcsud.a(platform.c.o)
 .ARM.attributes
                0x00000000000004d0       0x32 ./lib//libcsud.a(usbd.c.o)
 .ARM.attributes
                0x0000000000000502       0x32 ./lib//libcsud.a(device.hid.c.o)
 .ARM.attributes
                0x0000000000000534       0x32 ./lib//libcsud.a(device.hub.c.o)
 .ARM.attributes
                0x0000000000000566       0x32 ./lib//libcsud.a(hcd.designware20.c.o)
 .ARM.attributes
                0x0000000000000598       0x32 ./lib//libcsud.a(hcd.designware20.roothub.c.o)
 .ARM.attributes
                0x00000000000005ca       0x32 ./lib//libcsud.a(platform.armv6.c.o)
 .ARM.attributes
                0x00000000000005fc       0x32 ./lib//libcsud.a(platform.broadcom2835.c.o)

.debug_frame    0x0000000000000000      0x754
 .debug_frame   0x0000000000000000       0x84 build/kheap.o
 .debug_frame   0x0000000000000084      0x15c build/syscall.o
 .debug_frame   0x00000000000001e0      0x160 build/fb.o
 .debug_frame   0x0000000000000340       0xa0 build/uart.o
 .debug_frame   0x00000000000003e0       0xac build/sched.o
 .debug_frame   0x000000000000048c      0x14c build/hw.o
 .debug_frame   0x00000000000005d8       0x54 build/pwm.o
 .debug_frame   0x000000000000062c       0x24 build/util.o
 .debug_frame   0x0000000000000650       0x28 build/vmem.o
 .debug_frame   0x0000000000000678       0xdc build/kmain.o
